
> history-today-remotion@1.0.0 dev
> remotion studio src/index.jsx

Server ready - Local: [4mhttp://localhost:3000[24m, Network: [4mhttp://192.168.1.166:3000[24m
Building...
Built in 828ms
Building...
Built in 347ms
Building...
Built in 223ms
Building...
Built in 228ms
Building...
Built in 53ms
Building...
Built in 199ms
Building...
Built in 203ms
Building...
Built in 52ms
Building...
Built in 223ms
Building...
Built in 303ms
Building...
Built in 202ms
Building...
Built in 267ms
Building...
Built in 237ms
To restart - Local: [4mhttp://localhost:3000[24m, Network: [4mhttp://192.168.1.166:3000[24m
To restart - Local: [4mhttp://localhost:3000[24m, Network: [4mhttp://192.168.1.166:3000[24m
